
> pipeline-data@0.1.0 build
> next build

ΓÜá `images.domains` is deprecated in favor of `images.remotePatterns`. Please update next.config.mjs to protect your application from malicious users.
ΓÜá Invalid next.config.mjs options detected: 
ΓÜá     Unrecognized key(s) in object: 'serverComponentsExternalPackages'
ΓÜá See more info here: https://nextjs.org/docs/messages/invalid-next-config
Γû▓ Next.js 16.1.4 (Turbopack)
- Environments: .env
- Experiments (use with caution):
  ┬╖ cpus: 2

  Creating an optimized production build ...
